 --------------------------------------------------------------------------

               Astra - A space charge tracking algorithm 
                             Version 3.0              
                         DESY,  Hamburg 2011          
                         14. 9.2022  19:51

     Parameter file is:  xfel.in                                           
     XFEL2020                                                                        

 Initialize element settings:
 --------------------------------------------------------------------------
 Cavity:

     Reading cavity field data from:      rz_GUN_FEM-003-531-5
     Cavity Frequency               f =    1.300     GHz
     maximum gradient                      58.10     MV/m
     at                                    0.000     m
     estimated average gradient            20.23     MV/m
     nominal phase                        -2.000     deg

 --------------------------------------------------------------------------
 Solenoid:

     Reading solenoid field data from:    Main_and_Buck_sym2.p
     maximum Bz field                      0.2185     T
     at                                   -0.2758     m
     integral Bz squared                   1.3860E-02 T^2m

 --------------------------------------------------------------------------
  249999 particles from file out.ini                                           


     Cathode located at:               z =      0.000     m
     Particles taken into account      N =     249999
     total charge                      Q =    -0.2500     nC
     horizontal beam position          x =     3.0465E-09 mm
     vertical beam position            y =     1.6829E-09 mm
     longitudinal beam position        z =      0.000     m
     horizontal beam size          sig x =     0.2500     mm
     vertical beam size            sig y =     0.2500     mm
     longitudinal beam size        sig z =      0.000     mm
     total emission time               t =     2.3904E-02 ns
     rms emission time             sig t =     2.9395E-03 ns
     average kinetic energy            E =     5.5000E-07 MeV
     energy spread                    dE =     4.3701E-08 keV
     transverse beam emittance     eps x =     0.2118     pi mrad mm
     correlated divergence         cor x =    -1.9182E-05 mrad 
     transverse beam emittance     eps y =     0.2118     pi mrad mm
     correlated divergence         cor y =     4.9208E-05 mrad
     longitudinal beam emittance   eps z =      0.000     pi keV mm
     correlated energy spread      cor z =      0.000     keV
     emittance ratio eps y/eps x         =      1.000    

     WARNING: Bz is not zero at the cathode,
     estimated emittance contribution: 
     eps x =   4.4857E-19 pi mrad mm
     eps y =   4.4857E-19 pi mrad mm

 --------------------------------------------------------------------------
     Start auto phasing: 

     WARNING: Particle starts inside cavity number:    1

     Scan cavity number  :   1
        7 unstable trajectories out of   50

     Cavity phasing completed:
     Cavity number   Energy gain [MeV]  at  Phase [deg]
           1             6.154               224.42    
 --------------------------------------------------------------------------
 on axis tracking of the reference particle:
     initial position                  z =    0.000     m
                                       x =    0.000     mm
                                       y =    0.000     mm
     initial momentum                  p =   7.4974E-04 MeV/c
     global phase shift              phi =    0.000     deg
     time step for integration        dt =    1.000     ps
 --------------------------------------------------------------------------
 Online element settings:

 --------------------------------------------------------------------------

     particle reaches position         z =    3.200     m
     time of flight is                 t =    10.74     ns
     final momentum                    p =    6.643     MeV/c
     final phase (cavity 1)      phi_end =    253.8     deg
 --------------------------------------------------------------------------
 off axis tracking of the reference particle: 
     initial position                  z =    0.000     m
                                       x =   0.2500     mm
                                       y =   0.2500     mm

     final position                    x =   -1.004     mm
                                       y =   0.4192     mm
     divergence                    px/pz =  -0.5088     mrad
                                   py/pz =   0.2125     mrad
 --------------------------------------------------------------------------
 tracking of   249999 particles :
     tracking will stop at             z =    3.200     m

     space charge forces are INCLUDED
     cylindrical symmetric algorithm
     mirror charges at the cathode are taken into account

     working on  40 cores ...

     mirror charge switched off at:          6.2605E-02 m

     final checkpoint at               z =    3.200     m
     total number of iteration steps:       12155

     **********************************************************************

     Particles taken into account      N =     249999
     total charge                      Q =    -0.2500     nC
     horizontal beam position          x =     2.9106E-05 mm
     vertical beam position            y =    -6.9066E-06 mm
     longitudinal beam position        z =      3.200     m
     horizontal beam size          sig x =     0.9914     mm
     vertical beam size            sig y =     0.9914     mm
     longitudinal beam size        sig z =      1.216     mm
     average kinetic energy            E =      6.150     MeV
     energy spread                    dE =      24.31     keV
     transverse beam emittance     eps x =     0.9181     pi mrad mm
     correlated divergence         cor x =    -0.2162     mrad 
     transverse beam emittance     eps y =     0.9192     pi mrad mm
     correlated divergence         cor y =    -0.2162     mrad
     longitudinal beam emittance   eps z =      8.031     pi keV mm
     correlated energy spread      cor z =      23.39     keV
     emittance ratio eps y/eps x         =     0.9988    

     Particle Statistics: 


     Total number of particles on stack     =     249999
     Electrons (total)                      =     249999
     particles at the cathode               =          0
     active particles                       =     249999
     passive particles (lost out of bunch)  =          0
     probe particles                        =         12
     backward traveling particles           =          0
     particles lost with z<Zmin             =          0
     particles lost due to cathode field    =          0
     particles lost on aperture             =          0

     Tracking ended with     2 warning(s)


     **********************************************************************

     Emittance information saved to file    : xfel.Xemit.001                
     Emittance information saved to file    : xfel.Yemit.001                
     Emittance information saved to file    : xfel.Zemit.001                
     Ref. part. information saved to file   : xfel.ref.001                  
     Time step information saved to file    : xfel.tcheck.001               
     Trajectories saved to file             : xfel.track.001                
     Phase-space distributions logged in    : xfel.Log.001                  
     Cathode sp. charge field saved to file : xfel.Cathode.001              

     **********************************************************************


     finished simulation  14. 9.2022     20:00
     execution time:  8 min 41.11 sek                  
     Goodbye.
 --------------------------------------------------------------------------
